PASS 0-0 emu pal [25, 0, 0, 33, 145]
PASS 0-0 vice pal [25, 0, 0, 33, 145]
PASS 0-0 emu ntsc [24, 0, 0, 33, 145]
PASS 0-0 vice ntsc [25, 0, 0, 33, 145]
PASS 1-1 emu pal [25, 0, 0, 35, 148]
PASS 1-1 vice pal [25, 0, 0, 35, 148]
PASS 1-1 emu ntsc [24, 0, 0, 35, 148]
PASS 1-1 vice ntsc [25, 0, 0, 35, 148]
PASS 7-7 emu pal [25, 0, 0, 43, 157]
PASS 7-7 vice pal [25, 0, 0, 43, 157]
PASS 7-7 emu ntsc [24, 0, 0, 43, 157]
PASS 7-7 vice ntsc [25, 0, 0, 43, 157]
PASS 8-8 emu pal [25, 0, 0, 45, 158]
PASS 8-8 vice pal [25, 0, 0, 45, 158]
PASS 8-8 emu ntsc [24, 0, 0, 45, 158]
PASS 8-8 vice ntsc [25, 0, 0, 45, 158]
PASS 9-9 emu pal [25, 1, 1, 34, 146]
PASS 9-9 vice pal [25, 1, 1, 34, 146]
PASS 9-9 emu ntsc [24, 1, 1, 34, 146]
PASS 9-9 vice ntsc [25, 1, 1, 34, 146]
PASS 255-255 emu pal [25, 1, 1, 34, 146]
PASS 255-255 vice pal [25, 1, 1, 34, 146]
PASS 255-255 emu ntsc [24, 1, 1, 34, 146]
PASS 255-255 vice ntsc [25, 1, 1, 34, 146]
PASS 0-8 emu pal [25, 0, 0, 33, 158]
PASS 0-8 vice pal [25, 0, 0, 33, 158]
PASS 0-8 emu ntsc [24, 0, 0, 33, 158]
PASS 0-8 vice ntsc [25, 0, 0, 33, 158]
PASS 8-0 emu pal [25, 0, 0, 45, 145]
PASS 8-0 vice pal [25, 0, 0, 45, 145]
PASS 8-0 emu ntsc [24, 0, 0, 45, 145]
PASS 8-0 vice ntsc [25, 0, 0, 45, 145]
PASS transition emu pal [25, 0, 0, 45, 158]
PASS transition emu pal [65, 0, 0, 33, 145]
PASS transition emu pal [125, 0, 0, 45, 158]
PASS transition vice pal [25, 0, 0, 45, 158]
PASS transition vice pal [65, 0, 0, 33, 145]
PASS transition vice pal [125, 0, 0, 45, 158]
PASS transition emu ntsc [24, 0, 0, 45, 158]
PASS transition emu ntsc [64, 0, 0, 33, 145]
PASS transition emu ntsc [124, 0, 0, 45, 158]
PASS transition vice ntsc [25, 0, 0, 45, 158]
PASS transition vice ntsc [65, 0, 0, 33, 145]
PASS transition vice ntsc [125, 0, 0, 45, 158]
PASS negative control rejected: emu-pal-25.png: wrong pixels: missing 1180, extra 812
44 captures checked; negative control rejected
